"Hello, " + "world!" = "Hello, world!"
1:2:3
home=127.0.0.1
