 i8=255
i16=65534
i32=-3
i64=-4
 u8=5
u16=6
u32=7
u64=8
f32=0.000000
f64=-10.000000
str=11
