Binary operations on integers
(int32) 3 + 2 = 5
(int32) 3 - 2 = 1
(int32) 3 * 2 = 6
(int32) 3 / 2 = 1
(int32) 3 % 2 = 1
(int32) 3 << 2 = 12
(int32) 3 >> 2 = 0
(int32) 3 | 2 = 3
(int32) 3 & 2 = 2
(int32) 3 or 2 = 1
(int32) 3 and 2 = 1
(int32) 3 < 2 = 0
(int32) 3 > 2 = 1
(int32) 3 <= 2 = 0
(int32) 3 >= 2 = 1
(int32) 3 == 2 = 0
(int32) 3 != 2 = 1

Unary operations on integers
(int32) ~3 = -4
(int32) not 3 = 0
(int32) -3 = -3

Binary operations on floats
(float64) 3.000000 + 2.000000 = 5.000000
(float64) 3.000000 - 2.000000 = 1.000000
(float64) 3.000000 * 2.000000 = 6.000000
(float64) 3.000000 / 2.000000 = 1.500000
(float64) 3.000000 < 2.000000 = 0
(float64) 3.000000 > 2.000000 = 1
(float64) 3.000000 <= 2.000000 = 0
(float64) 3.000000 >= 2.000000 = 1
(float64) 3.000000 == 2.000000 = 0
(float64) 3.000000 != 2.000000 = 1

Unary operations on floats
(float64) -3.000000 = -3.000000
