{
  "Barry": {"level": 10 }
  "Ann": {"level": 55 }
}
